The filename is: 051-foreach.blue.out and the loop var is: blue
