The filename is: 052-foreach-index.red.out, the loop var is: redand the index is: 0
