The filename is: 052-foreach-index.green.out, the loop var is: greenand the index is: 1
