#!/bin/bash
set -x
cat 070-singlefilemapper.out | grep 070-singlefilemapper.out || exit 1
exit 0
